[0.218s] DEBUG:colcon:Command line arguments: ['/usr/bin/colcon', 'build', '--packages-select', 'papf_planner']
[0.218s] DEBUG:colcon:Parsed command line arguments: Namespace(log_base=None, log_level=None, verb_name='build', build_base='build', install_base='install', merge_install=False, symlink_install=False, test_result_base=None, continue_on_error=False, executor='parallel', parallel_workers=16, event_handlers=None, ignore_user_meta=False, metas=['./colcon.meta'], base_paths=['.'], packages_ignore=None, packages_ignore_regex=None, paths=None, packages_up_to=None, packages_up_to_regex=None, packages_above=None, packages_above_and_dependencies=None, packages_above_depth=None, packages_select_by_dep=None, packages_skip_by_dep=None, packages_skip_up_to=None, packages_select_build_failed=False, packages_skip_build_finished=False, packages_select_test_failures=False, packages_skip_test_passed=False, packages_select=['papf_planner'], packages_skip=None, packages_select_regex=None, packages_skip_regex=None, packages_start=None, packages_end=None, allow_overriding=[], cmake_args=None, cmake_target=None, cmake_target_skip_unavailable=False, cmake_clean_cache=False, cmake_clean_first=False, cmake_force_configure=False, ament_cmake_args=None, catkin_cmake_args=None, catkin_skip_building_tests=False, verb_parser=<colcon_defaults.argument_parser.defaults.DefaultArgumentsDecorator object at 0x70f027e592a0>, verb_extension=<colcon_core.verb.build.BuildVerb object at 0x70f027e58910>, main=<bound method BuildVerb.main of <colcon_core.verb.build.BuildVerb object at 0x70f027e58910>>)
[0.462s] Level 1:colcon.colcon_core.package_discovery:discover_packages(colcon_meta) check parameters
[0.462s] Level 1:colcon.colcon_core.package_discovery:discover_packages(recursive) check parameters
[0.462s] Level 1:colcon.colcon_core.package_discovery:discover_packages(ignore) check parameters
[0.462s] Level 1:colcon.colcon_core.package_discovery:discover_packages(path) check parameters
[0.462s] Level 1:colcon.colcon_core.package_discovery:discover_packages(colcon_meta) discover
[0.462s] Level 1:colcon.colcon_core.package_discovery:discover_packages(recursive) discover
[0.462s] INFO:colcon.colcon_core.package_discovery:Crawling recursively for packages in '/home/shivam/code-masala/papf_buggy/PAPF'
[0.462s] Level 1:colcon.colcon_core.package_identification:_identify(.) by extensions ['ignore', 'ignore_ament_install']
[0.462s] Level 1:colcon.colcon_core.package_identification:_identify(.) by extension 'ignore'
[0.462s] Level 1:colcon.colcon_core.package_identification:_identify(.) by extension 'ignore_ament_install'
[0.462s] Level 1:colcon.colcon_core.package_identification:_identify(.) by extensions ['colcon_pkg']
[0.462s] Level 1:colcon.colcon_core.package_identification:_identify(.) by extension 'colcon_pkg'
[0.462s] Level 1:colcon.colcon_core.package_identification:_identify(.) by extensions ['colcon_meta']
[0.462s] Level 1:colcon.colcon_core.package_identification:_identify(.) by extension 'colcon_meta'
[0.462s] Level 1:colcon.colcon_core.package_identification:_identify(.) by extensions ['ros']
[0.462s] Level 1:colcon.colcon_core.package_identification:_identify(.) by extension 'ros'
[0.475s] DEBUG:colcon.colcon_core.package_identification:Package '.' with type 'ros.ament_cmake' and name 'papf_planner'
[0.475s] Level 1:colcon.colcon_core.package_discovery:discover_packages(recursive) using defaults
[0.475s] Level 1:colcon.colcon_core.package_discovery:discover_packages(ignore) discover
[0.475s] Level 1:colcon.colcon_core.package_discovery:discover_packages(ignore) using defaults
[0.475s] Level 1:colcon.colcon_core.package_discovery:discover_packages(path) discover
[0.475s] Level 1:colcon.colcon_core.package_discovery:discover_packages(path) using defaults
[0.491s] Level 1:colcon.colcon_core.package_discovery:discover_packages(prefix_path) check parameters
[0.491s] Level 1:colcon.colcon_core.package_discovery:discover_packages(prefix_path) discover
[0.493s] DEBUG:colcon.colcon_installed_package_information.package_discovery:Found 467 installed packages in /opt/ros/humble
[0.495s] Level 1:colcon.colcon_core.package_discovery:discover_packages(prefix_path) using defaults
[0.526s] Level 5:colcon.colcon_core.verb:set package 'papf_planner' build argument 'cmake_args' from command line to 'None'
[0.526s] Level 5:colcon.colcon_core.verb:set package 'papf_planner' build argument 'cmake_target' from command line to 'None'
[0.526s] Level 5:colcon.colcon_core.verb:set package 'papf_planner' build argument 'cmake_target_skip_unavailable' from command line to 'False'
[0.526s] Level 5:colcon.colcon_core.verb:set package 'papf_planner' build argument 'cmake_clean_cache' from command line to 'False'
[0.526s] Level 5:colcon.colcon_core.verb:set package 'papf_planner' build argument 'cmake_clean_first' from command line to 'False'
[0.526s] Level 5:colcon.colcon_core.verb:set package 'papf_planner' build argument 'cmake_force_configure' from command line to 'False'
[0.526s] Level 5:colcon.colcon_core.verb:set package 'papf_planner' build argument 'ament_cmake_args' from command line to 'None'
[0.526s] Level 5:colcon.colcon_core.verb:set package 'papf_planner' build argument 'catkin_cmake_args' from command line to 'None'
[0.526s] Level 5:colcon.colcon_core.verb:set package 'papf_planner' build argument 'catkin_skip_building_tests' from command line to 'False'
[0.526s] DEBUG:colcon.colcon_core.verb:Building package 'papf_planner' with the following arguments: {'ament_cmake_args': None, 'build_base': '/home/shivam/code-masala/papf_buggy/PAPF/build/papf_planner', 'catkin_cmake_args': None, 'catkin_skip_building_tests': False, 'cmake_args': None, 'cmake_clean_cache': False, 'cmake_clean_first': False, 'cmake_force_configure': False, 'cmake_target': None, 'cmake_target_skip_unavailable': False, 'install_base': '/home/shivam/code-masala/papf_buggy/PAPF/install/papf_planner', 'merge_install': False, 'path': '/home/shivam/code-masala/papf_buggy/PAPF', 'symlink_install': False, 'test_result_base': None}
[0.526s] INFO:colcon.colcon_core.executor:Executing jobs using 'parallel' executor
[0.527s] DEBUG:colcon.colcon_parallel_executor.executor.parallel:run_until_complete
[0.527s] INFO:colcon.colcon_ros.task.ament_cmake.build:Building ROS package in '/home/shivam/code-masala/papf_buggy/PAPF' with build type 'ament_cmake'
[0.527s] INFO:colcon.colcon_cmake.task.cmake.build:Building CMake package in '/home/shivam/code-masala/papf_buggy/PAPF'
[0.530s] INFO:colcon.colcon_core.plugin_system:Skipping extension 'colcon_core.shell.bat': Not used on non-Windows systems
[0.530s] INFO:colcon.colcon_core.shell:Skip shell extension 'powershell' for command environment: Not usable outside of PowerShell
[0.530s] DEBUG:colcon.colcon_core.shell:Skip shell extension 'dsv' for command environment
[0.535s] DEBUG:colcon.colcon_core.event_handler.log_command:Invoking command in '/home/shivam/code-masala/papf_buggy/PAPF/build/papf_planner': CMAKE_PREFIX_PATH=/opt/ros/humble /usr/bin/cmake /home/shivam/code-masala/papf_buggy/PAPF -DCMAKE_INSTALL_PREFIX=/home/shivam/code-masala/papf_buggy/PAPF/install/papf_planner
[2.162s] DEBUG:colcon.colcon_core.event_handler.log_command:Invoked command in '/home/shivam/code-masala/papf_buggy/PAPF/build/papf_planner' returned '0': CMAKE_PREFIX_PATH=/opt/ros/humble /usr/bin/cmake /home/shivam/code-masala/papf_buggy/PAPF -DCMAKE_INSTALL_PREFIX=/home/shivam/code-masala/papf_buggy/PAPF/install/papf_planner
[2.162s] DEBUG:colcon.colcon_core.event_handler.log_command:Invoking command in '/home/shivam/code-masala/papf_buggy/PAPF/build/papf_planner': CMAKE_PREFIX_PATH=/opt/ros/humble /usr/bin/cmake --build /home/shivam/code-masala/papf_buggy/PAPF/build/papf_planner -- -j16 -l16
[7.845s] DEBUG:colcon.colcon_core.event_handler.log_command:Invoked command in '/home/shivam/code-masala/papf_buggy/PAPF/build/papf_planner' returned '2': CMAKE_PREFIX_PATH=/opt/ros/humble /usr/bin/cmake --build /home/shivam/code-masala/papf_buggy/PAPF/build/papf_planner -- -j16 -l16
[7.845s] Level 1:colcon.colcon_core.environment:create_environment_scripts_only(papf_planner)
[7.849s] Level 1:colcon.colcon_core.environment:checking '/home/shivam/code-masala/papf_buggy/PAPF/install/papf_planner' for CMake module files
[7.849s] Level 1:colcon.colcon_core.environment:checking '/home/shivam/code-masala/papf_buggy/PAPF/install/papf_planner' for CMake config files
[7.850s] Level 1:colcon.colcon_core.environment:checking '/home/shivam/code-masala/papf_buggy/PAPF/install/papf_planner/bin'
[7.850s] Level 1:colcon.colcon_core.environment:checking '/home/shivam/code-masala/papf_buggy/PAPF/install/papf_planner/lib/pkgconfig/papf_planner.pc'
[7.850s] Level 1:colcon.colcon_core.environment:checking '/home/shivam/code-masala/papf_buggy/PAPF/install/papf_planner/lib/python3.10/site-packages'
[7.850s] Level 1:colcon.colcon_core.environment:checking '/home/shivam/code-masala/papf_buggy/PAPF/install/papf_planner/bin'
[7.850s] INFO:colcon.colcon_core.shell:Creating package script '/home/shivam/code-masala/papf_buggy/PAPF/install/papf_planner/share/papf_planner/package.ps1'
[7.851s] INFO:colcon.colcon_core.shell:Creating package descriptor '/home/shivam/code-masala/papf_buggy/PAPF/install/papf_planner/share/papf_planner/package.dsv'
[7.851s] INFO:colcon.colcon_core.shell:Creating package script '/home/shivam/code-masala/papf_buggy/PAPF/install/papf_planner/share/papf_planner/package.sh'
[7.852s] INFO:colcon.colcon_core.shell:Creating package script '/home/shivam/code-masala/papf_buggy/PAPF/install/papf_planner/share/papf_planner/package.bash'
[7.852s] INFO:colcon.colcon_core.shell:Creating package script '/home/shivam/code-masala/papf_buggy/PAPF/install/papf_planner/share/papf_planner/package.zsh'
[7.853s] Level 1:colcon.colcon_core.environment:create_file_with_runtime_dependencies(/home/shivam/code-masala/papf_buggy/PAPF/install/papf_planner/share/colcon-core/packages/papf_planner)
[7.863s] DEBUG:colcon.colcon_parallel_executor.executor.parallel:closing loop
[7.864s] DEBUG:colcon.colcon_parallel_executor.executor.parallel:loop closed
[7.864s] DEBUG:colcon.colcon_parallel_executor.executor.parallel:run_until_complete finished with '2'
[7.864s] DEBUG:colcon.colcon_core.event_reactor:joining thread
[7.871s] INFO:colcon.colcon_core.plugin_system:Skipping extension 'colcon_notification.desktop_notification.terminal_notifier': Not used on non-Darwin systems
[7.871s] INFO:colcon.colcon_core.plugin_system:Skipping extension 'colcon_notification.desktop_notification.win32': Not used on non-Windows systems
[7.871s] INFO:colcon.colcon_notification.desktop_notification:Sending desktop notification using 'notify2'
[7.884s] DEBUG:colcon.colcon_core.event_reactor:joined thread
[7.885s] INFO:colcon.colcon_core.shell:Creating prefix script '/home/shivam/code-masala/papf_buggy/PAPF/install/local_setup.ps1'
[7.887s] INFO:colcon.colcon_core.shell:Creating prefix util module '/home/shivam/code-masala/papf_buggy/PAPF/install/_local_setup_util_ps1.py'
[7.888s] INFO:colcon.colcon_core.shell:Creating prefix chain script '/home/shivam/code-masala/papf_buggy/PAPF/install/setup.ps1'
[7.890s] INFO:colcon.colcon_core.shell:Creating prefix script '/home/shivam/code-masala/papf_buggy/PAPF/install/local_setup.sh'
[7.890s] INFO:colcon.colcon_core.shell:Creating prefix util module '/home/shivam/code-masala/papf_buggy/PAPF/install/_local_setup_util_sh.py'
[7.891s] INFO:colcon.colcon_core.shell:Creating prefix chain script '/home/shivam/code-masala/papf_buggy/PAPF/install/setup.sh'
[7.893s] INFO:colcon.colcon_core.shell:Creating prefix script '/home/shivam/code-masala/papf_buggy/PAPF/install/local_setup.bash'
[7.893s] INFO:colcon.colcon_core.shell:Creating prefix chain script '/home/shivam/code-masala/papf_buggy/PAPF/install/setup.bash'
[7.895s] INFO:colcon.colcon_core.shell:Creating prefix script '/home/shivam/code-masala/papf_buggy/PAPF/install/local_setup.zsh'
[7.896s] INFO:colcon.colcon_core.shell:Creating prefix chain script '/home/shivam/code-masala/papf_buggy/PAPF/install/setup.zsh'
