-- The C compiler identification is GNU 11.4.0
-- The CXX compiler identification is GNU 11.4.0
-- Detecting C compiler ABI info
-- Detecting C compiler ABI info - done
-- Check for working C compiler: /usr/bin/cc - skipped
-- Detecting C compile features
-- Detecting C compile features - done
-- Detecting CXX compiler ABI info
-- Detecting CXX compiler ABI info - done
-- Check for working CXX compiler: /usr/bin/c++ - skipped
-- Detecting CXX compile features
-- Detecting CXX compile features - done
-- Found ament_cmake: 1.3.12 (/opt/ros/humble/share/ament_cmake/cmake)
-- Found Python3: /usr/bin/python3 (found version "3.10.12") found components: Interpreter 
-- Found rclcpp: 16.0.17 (/opt/ros/humble/share/rclcpp/cmake)
-- Found rosidl_generator_c: 3.1.8 (/opt/ros/humble/share/rosidl_generator_c/cmake)
-- Found rosidl_adapter: 3.1.8 (/opt/ros/humble/share/rosidl_adapter/cmake)
-- Found rosidl_generator_cpp: 3.1.8 (/opt/ros/humble/share/rosidl_generator_cpp/cmake)
-- Using all available rosidl_typesupport_c: rosidl_typesupport_fastrtps_c;rosidl_typesupport_introspection_c
-- Using all available rosidl_typesupport_cpp: rosidl_typesupport_fastrtps_cpp;rosidl_typesupport_introspection_cpp
-- Found rmw_implementation_cmake: 6.1.2 (/opt/ros/humble/share/rmw_implementation_cmake/cmake)
-- Found rmw_fastrtps_cpp: 6.2.9 (/opt/ros/humble/share/rmw_fastrtps_cpp/cmake)
-- Found OpenSSL: /usr/lib/x86_64-linux-gnu/libcrypto.so (found version "3.0.2")  
-- Found FastRTPS: /opt/ros/humble/include  
-- Using RMW implementation 'rmw_fastrtps_cpp' as default
-- Looking for pthread.h
-- Looking for pthread.h - found
-- Performing Test CMAKE_HAVE_LIBC_PTHREAD
-- Performing Test CMAKE_HAVE_LIBC_PTHREAD - Success
-- Found Threads: TRUE  
-- Found geometry_msgs: 4.9.0 (/opt/ros/humble/share/geometry_msgs/cmake)
-- Found nav_msgs: 4.9.0 (/opt/ros/humble/share/nav_msgs/cmake)
-- Found visualization_msgs: 4.9.0 (/opt/ros/humble/share/visualization_msgs/cmake)
-- Found tf2: 0.25.18 (/opt/ros/humble/share/tf2/cmake)
-- Found tf2_ros: 0.25.18 (/opt/ros/humble/share/tf2_ros/cmake)
-- Found tf2_geometry_msgs: 0.25.18 (/opt/ros/humble/share/tf2_geometry_msgs/cmake)
-- Found eigen3_cmake_module: 0.1.1 (/opt/ros/humble/share/eigen3_cmake_module/cmake)
-- Found Eigen3: TRUE (found version "3.4.0") 
-- Ensuring Eigen3 include directory is part of orocos-kdl CMake target
-- Configuring done
-- Generating done
-- Build files have been written to: /home/shivam/code-masala/papf_buggy/PAPF/build/papf_planner
[ 25%] [32mBuilding CXX object CMakeFiles/papf_logic.dir/src/PAPF_Planner.cpp.o[0m
[ 50%] [32m[1mLinking CXX static library libpapf_logic.a[0m
[ 50%] Built target papf_logic
[ 75%] [32mBuilding CXX object CMakeFiles/papf_node.dir/src/papf_node.cpp.o[0m
[01m[K/home/shivam/code-masala/papf_buggy/PAPF/src/papf_node.cpp:548:6:[m[K [01;31m[Kerror: [m[Kno declaration matches ‘[01m[Kvoid PAPFNode::load_centerline_from_csv()[m[K’
  548 | void [01;31m[KPAPFNode[m[K::load_centerline_from_csv()
      |      [01;31m[K^~~~~~~~[m[K
[01m[K/home/shivam/code-masala/papf_buggy/PAPF/src/papf_node.cpp:548:6:[m[K [01;36m[Knote: [m[Kno functions named ‘[01m[Kvoid PAPFNode::load_centerline_from_csv()[m[K’
In file included from [01m[K/home/shivam/code-masala/papf_buggy/PAPF/src/papf_node.cpp:1[m[K:
[01m[K/home/shivam/code-masala/papf_buggy/PAPF/include/papf_planner/papf_node.hpp:37:7:[m[K [01;36m[Knote: [m[K‘[01m[Kclass PAPFNode[m[K’ defined here
   37 | class [01;36m[KPAPFNode[m[K : public rclcpp::Node
      |       [01;36m[K^~~~~~~~[m[K
gmake[2]: *** [CMakeFiles/papf_node.dir/build.make:76: CMakeFiles/papf_node.dir/src/papf_node.cpp.o] Error 1
gmake[1]: *** [CMakeFiles/Makefile2:165: CMakeFiles/papf_node.dir/all] Error 2
gmake: *** [Makefile:146: all] Error 2
